// Jest Snapshot v1, https://goo.gl/fbAQLP

exports[`The editor toolbar Matches the current snapshot 1`] = `
<styled.div
  id="editor-toolbar"
>
  <styled.ul>
    <styled.li>
      <Button
        disabled={false}
        id="btn-preview"
        onClick={[Function]}
      >
        Preview
      </Button>
    </styled.li>
    <styled.li>
      <Button
        disabled={false}
        id="btn-reset"
        onClick={[Function]}
      >
        Reset
      </Button>
    </styled.li>
  </styled.ul>
</styled.div>
`;
