// Jest Snapshot v1, https://goo.gl/fbAQLP

exports[`<LevelEditor /> Matches the current snapshot 1`] = `
<styled.section>
  <styled.div>
    <styled.div>
      <Connect(Component) />
      <Connect(Component) />
    </styled.div>
    <styled.div>
      <Connect(Component) />
      <Connect(Component) />
    </styled.div>
  </styled.div>
</styled.section>
`;
