// Jest Snapshot v1, https://goo.gl/fbAQLP

exports[`The tile selector Matches the current snapshot 1`] = `
<styled.div
  id="stars-editor"
>
  <styled.ul>
    <styled.li
      key="0"
    >
      <styled.ul>
        <styled.li
          key="0"
        >
          <StarIcon
            fillColor="white"
            size={20}
          />
        </styled.li>
        <styled.li
          key="1"
        >
          <StarIcon
            fillColor="white"
            size={20}
          />
        </styled.li>
        <styled.li
          key="2"
        >
          <StarIcon
            fillColor="white"
            size={20}
          />
        </styled.li>
      </styled.ul>
      <styled.span>
        99
      </styled.span>
      <styled.div>
        <Styled(Button)>
          -
        </Styled(Button)>
        <Styled(Button)>
          +
        </Styled(Button)>
      </styled.div>
    </styled.li>
    <styled.li
      key="1"
    >
      <styled.ul>
        <styled.li
          key="0"
        >
          <StarIcon
            fillColor="transparent"
            size={20}
          />
        </styled.li>
        <styled.li
          key="1"
        >
          <StarIcon
            fillColor="white"
            size={20}
          />
        </styled.li>
        <styled.li
          key="2"
        >
          <StarIcon
            fillColor="white"
            size={20}
          />
        </styled.li>
      </styled.ul>
      <styled.span>
        99
      </styled.span>
      <styled.div>
        <Styled(Button)>
          -
        </Styled(Button)>
        <Styled(Button)>
          +
        </Styled(Button)>
      </styled.div>
    </styled.li>
    <styled.li
      key="2"
    >
      <styled.ul>
        <styled.li
          key="0"
        >
          <StarIcon
            fillColor="transparent"
            size={20}
          />
        </styled.li>
        <styled.li
          key="1"
        >
          <StarIcon
            fillColor="transparent"
            size={20}
          />
        </styled.li>
        <styled.li
          key="2"
        >
          <StarIcon
            fillColor="white"
            size={20}
          />
        </styled.li>
      </styled.ul>
      <styled.span>
        99
      </styled.span>
      <styled.div>
        <Styled(Button)>
          -
        </Styled(Button)>
        <Styled(Button)>
          +
        </Styled(Button)>
      </styled.div>
    </styled.li>
  </styled.ul>
</styled.div>
`;
