// Jest Snapshot v1, https://goo.gl/fbAQLP

exports[`The level Matches the current snapshot 1`] = `
<styled.li
  isCurrent={false}
  isSelected={false}
  onClick={[Function]}
>
  <Component
    tiles={
      Array [
        Object {
          "position": 0,
          "selectedTileId": 1,
        },
        Object {
          "position": 1,
          "selectedTileId": 2,
        },
        Object {
          "position": 2,
          "selectedTileId": 3,
        },
      ]
    }
  />
  <styled.p>
    Test level
  </styled.p>
</styled.li>
`;
