// Jest Snapshot v1, https://goo.gl/fbAQLP

exports[`The level preview Matches the current snapshot 1`] = `
<styled.div
  className="level-preview"
>
  <styled.div>
    <styled.div
      className="preview-tile"
      key="0"
    >
      <Tile
        tileId={2}
      />
    </styled.div>
    <styled.div
      className="preview-tile"
      key="1"
    >
      <Tile
        tileId={3}
      />
    </styled.div>
    <styled.div
      className="preview-tile"
      key="2"
    >
      <Tile
        tileId={0}
      />
    </styled.div>
  </styled.div>
</styled.div>
`;
