// Jest Snapshot v1, https://goo.gl/fbAQLP

exports[`The game area Calls the make move action when the user presses the arrow keys on the keyboard 1`] = `
<styled.div>
  <Component
    entityId={1}
    key="0"
    xPos={0}
    yPos={0}
  />
  <Component
    entityId={2}
    key="1"
    xPos={10}
    yPos={0}
  />
  <Component
    entityId={1}
    key="1"
    xPos={0}
    yPos={10}
  />
  <Component
    entityId={3}
    key="2"
    xPos={10}
    yPos={10}
  />
</styled.div>
`;

exports[`The game area Matches the current snapshot 1`] = `<styled.div />`;
