// Jest Snapshot v1, https://goo.gl/fbAQLP

exports[`matches the current snapshot 1`] = `
<styled.div>
  <styled.div>
    <styled.div>
      <Tile
        id={0}
      />
    </styled.div>
    <styled.div
      key="1"
    >
      <Tile
        id={1}
      />
    </styled.div>
    <styled.div
      key="2"
    >
      <Tile
        id={2}
      />
    </styled.div>
    <styled.div
      key="3"
    >
      <Tile
        id={3}
      />
    </styled.div>
    <styled.div
      key="4"
    >
      <Tile
        id={4}
      />
    </styled.div>
    <styled.div
      key="5"
    >
      <Tile
        id={5}
      />
    </styled.div>
    <styled.div
      key="6"
    >
      <Tile
        id={6}
      />
    </styled.div>
    <styled.div
      key="7"
    >
      <Tile
        id={7}
      />
    </styled.div>
    <styled.div
      key="8"
    >
      <Tile
        id={8}
      />
    </styled.div>
  </styled.div>
</styled.div>
`;
