// Jest Snapshot v1, https://goo.gl/fbAQLP

exports[`<Entity /> Matches the current snapshot 1`] = `
<styled.div
  fading={false}
  heightPercentage={10}
  isMovableEntity={false}
  moveSpeed={100}
  widthPercentage={10}
  xPos={10}
  yPos={20}
>
  <Tile
    tileId="ENTITY_BLOCK"
  />
</styled.div>
`;
