// Jest Snapshot v1, https://goo.gl/fbAQLP

exports[`<Entity /> Matches the current snapshot 1`] = `
<styled.div
  entityId="BLOCK"
  fading={false}
  heightPercentage={10}
  isMovableEntity={false}
  moveSpeed={100}
  widthPercentage={10}
  xPos={10}
  yPos={20}
>
  <styled.div
    color={null}
    entityId="BLOCK"
    fading={false}
    moveSpeed={100}
    shrinking={false}
    stuck={false}
  />
</styled.div>
`;
