// Jest Snapshot v1, https://goo.gl/fbAQLP

exports[`<MoveHistoryDisplay /> Matches the current snapshot 1`] = `
<styled.div
  id="moves-container"
>
  <styled.div>
    <styled.div>
      <ArrowsDisplay
        arrows={
          Array [
            "MOVE_UP",
            "MOVE_RIGHT",
            "MOVE_DOWN",
            "MOVE_LEFT",
          ]
        }
        justifyContent="left"
        maxArrowWidth="25%"
      />
    </styled.div>
  </styled.div>
  <styled.p
    id="moves-made-label"
  >
    Moves made: 
    4
  </styled.p>
</styled.div>
`;
