// Jest Snapshot v1, https://goo.gl/fbAQLP

exports[`<LinkDisplay /> Matches the current snapshot 1`] = `
<styled.div
  id="link-display"
>
  <styled.svg>
    <styled.line
      key="0"
      x1="10%"
      x2="20%"
      y1="10%"
      y2="20%"
    />
    <styled.line
      key="1"
      x1="20%"
      x2="40%"
      y1="30%"
      y2="50%"
    />
  </styled.svg>
</styled.div>
`;

exports[`<LinkDisplay /> Matches the current snapshot when linking 1`] = `
<styled.div
  id="link-display"
>
  <styled.svg>
    <styled.line
      key="0"
      x1="10%"
      x2="20%"
      y1="10%"
      y2="20%"
    />
    <styled.line
      key="1"
      x1="20%"
      x2="40%"
      y1="30%"
      y2="50%"
    />
  </styled.svg>
</styled.div>
`;

exports[`<LinkDisplay /> Matches the current snapshot without links 1`] = `
<styled.div
  id="link-display"
>
  <styled.svg />
</styled.div>
`;
