// Jest Snapshot v1, https://goo.gl/fbAQLP

exports[`<TileSelector /> Matches the current snapshot 1`] = `
<styled.div
  id="tile-selector"
>
  <styled.div>
    <styled.div
      className="tile"
      isSelected={false}
      key="1"
      onClick={[Function]}
    >
      <Connect(Component)
        tileId="1"
      />
    </styled.div>
    <styled.div
      className="tile"
      isSelected={false}
      key="2"
      onClick={[Function]}
    >
      <Connect(Component)
        tileId="2"
      />
    </styled.div>
    <styled.div
      className="tile"
      isSelected={false}
      key="3"
      onClick={[Function]}
    >
      <Connect(Component)
        tileId="3"
      />
    </styled.div>
    <styled.div
      className="tile"
      isSelected={false}
      key="4"
      onClick={[Function]}
    >
      <Connect(Component)
        tileId="4"
      />
    </styled.div>
    <styled.div
      className="tile"
      isSelected={false}
      key="5"
      onClick={[Function]}
    >
      <Connect(Component)
        tileId="5"
      />
    </styled.div>
    <styled.div
      className="tile"
      isSelected={false}
      key="6"
      onClick={[Function]}
    >
      <Connect(Component)
        tileId="6"
      />
    </styled.div>
    <styled.div
      className="tile"
      isSelected={false}
      key="7"
      onClick={[Function]}
    >
      <Connect(Component)
        tileId="7"
      />
    </styled.div>
    <styled.div
      className="tile"
      isSelected={false}
      key="8"
      onClick={[Function]}
    >
      <Connect(Component)
        tileId="8"
      />
    </styled.div>
    <styled.div
      className="tile"
      isSelected={false}
      key="9"
      onClick={[Function]}
    >
      <Connect(Component)
        tileId="9"
      />
    </styled.div>
    <styled.div
      className="tile"
      isSelected={false}
      key="10"
      onClick={[Function]}
    >
      <Connect(Component)
        tileId="10"
      />
    </styled.div>
    <styled.div
      className="tile"
      isSelected={false}
      key="11"
      onClick={[Function]}
    >
      <Connect(Component)
        tileId="11"
      />
    </styled.div>
    <styled.div
      className="tile"
      isSelected={false}
      key="12"
      onClick={[Function]}
    >
      <Connect(Component)
        tileId="12"
      />
    </styled.div>
    <styled.div
      className="tile"
      isSelected={false}
      key="13"
      onClick={[Function]}
    >
      <Connect(Component)
        tileId="13"
      />
    </styled.div>
    <styled.div
      className="tile"
      isSelected={false}
      key="14"
      onClick={[Function]}
    >
      <Connect(Component)
        tileId="14"
      />
    </styled.div>
    <styled.div
      className="tile"
      isSelected={false}
      key="15"
      onClick={[Function]}
    >
      <Connect(Component)
        tileId="15"
      />
    </styled.div>
    <styled.div
      className="tile"
      isSelected={false}
      key="16"
      onClick={[Function]}
    >
      <Connect(Component)
        tileId="16"
      />
    </styled.div>
    <styled.div
      className="tile"
      isSelected={false}
      key="17"
      onClick={[Function]}
    >
      <Connect(Component)
        tileId="17"
      />
    </styled.div>
    <styled.div
      className="tile"
      isSelected={false}
      key="18"
      onClick={[Function]}
    >
      <Connect(Component)
        tileId="18"
      />
    </styled.div>
    <styled.div
      className="tile"
      isSelected={false}
      key="19"
      onClick={[Function]}
    >
      <Connect(Component)
        tileId="19"
      />
    </styled.div>
    <styled.div
      className="tile"
      isSelected={false}
      key="20"
      onClick={[Function]}
    >
      <Connect(Component)
        tileId="20"
      />
    </styled.div>
    <styled.div
      className="tile"
      isSelected={false}
      key="21"
      onClick={[Function]}
    >
      <Connect(Component)
        tileId="21"
      />
    </styled.div>
    <styled.div
      className="tile"
      isSelected={false}
      key="22"
      onClick={[Function]}
    >
      <Connect(Component)
        tileId="22"
      />
    </styled.div>
    <styled.div
      className="tile"
      isSelected={false}
      key="23"
      onClick={[Function]}
    >
      <Connect(Component)
        tileId="23"
      />
    </styled.div>
    <styled.div
      className="tile"
      isSelected={false}
      key="24"
      onClick={[Function]}
    >
      <Connect(Component)
        tileId="24"
      />
    </styled.div>
    <styled.div
      className="tile"
      isSelected={false}
      key="25"
      onClick={[Function]}
    >
      <Connect(Component)
        tileId="25"
      />
    </styled.div>
  </styled.div>
</styled.div>
`;

exports[`<TileSelector /> Matches the current snapshot if a tile is selected 1`] = `
<styled.div
  id="tile-selector"
>
  <styled.div>
    <styled.div
      className="tile"
      isSelected={false}
      key="1"
      onClick={[Function]}
    >
      <Connect(Component)
        tileId="1"
      />
    </styled.div>
    <styled.div
      className="tile"
      isSelected={false}
      key="2"
      onClick={[Function]}
    >
      <Connect(Component)
        tileId="2"
      />
    </styled.div>
    <styled.div
      className="tile"
      isSelected={false}
      key="3"
      onClick={[Function]}
    >
      <Connect(Component)
        tileId="3"
      />
    </styled.div>
    <styled.div
      className="tile"
      isSelected={false}
      key="4"
      onClick={[Function]}
    >
      <Connect(Component)
        tileId="4"
      />
    </styled.div>
    <styled.div
      className="tile"
      isSelected={false}
      key="5"
      onClick={[Function]}
    >
      <Connect(Component)
        tileId="5"
      />
    </styled.div>
    <styled.div
      className="tile"
      isSelected={false}
      key="6"
      onClick={[Function]}
    >
      <Connect(Component)
        tileId="6"
      />
    </styled.div>
    <styled.div
      className="tile"
      isSelected={false}
      key="7"
      onClick={[Function]}
    >
      <Connect(Component)
        tileId="7"
      />
    </styled.div>
    <styled.div
      className="tile"
      isSelected={false}
      key="8"
      onClick={[Function]}
    >
      <Connect(Component)
        tileId="8"
      />
    </styled.div>
    <styled.div
      className="tile"
      isSelected={false}
      key="9"
      onClick={[Function]}
    >
      <Connect(Component)
        tileId="9"
      />
    </styled.div>
    <styled.div
      className="tile"
      isSelected={false}
      key="10"
      onClick={[Function]}
    >
      <Connect(Component)
        tileId="10"
      />
    </styled.div>
    <styled.div
      className="tile"
      isSelected={false}
      key="11"
      onClick={[Function]}
    >
      <Connect(Component)
        tileId="11"
      />
    </styled.div>
    <styled.div
      className="tile"
      isSelected={false}
      key="12"
      onClick={[Function]}
    >
      <Connect(Component)
        tileId="12"
      />
    </styled.div>
    <styled.div
      className="tile"
      isSelected={false}
      key="13"
      onClick={[Function]}
    >
      <Connect(Component)
        tileId="13"
      />
    </styled.div>
    <styled.div
      className="tile"
      isSelected={false}
      key="14"
      onClick={[Function]}
    >
      <Connect(Component)
        tileId="14"
      />
    </styled.div>
    <styled.div
      className="tile"
      isSelected={false}
      key="15"
      onClick={[Function]}
    >
      <Connect(Component)
        tileId="15"
      />
    </styled.div>
    <styled.div
      className="tile"
      isSelected={false}
      key="16"
      onClick={[Function]}
    >
      <Connect(Component)
        tileId="16"
      />
    </styled.div>
    <styled.div
      className="tile"
      isSelected={false}
      key="17"
      onClick={[Function]}
    >
      <Connect(Component)
        tileId="17"
      />
    </styled.div>
    <styled.div
      className="tile"
      isSelected={false}
      key="18"
      onClick={[Function]}
    >
      <Connect(Component)
        tileId="18"
      />
    </styled.div>
    <styled.div
      className="tile"
      isSelected={false}
      key="19"
      onClick={[Function]}
    >
      <Connect(Component)
        tileId="19"
      />
    </styled.div>
    <styled.div
      className="tile"
      isSelected={false}
      key="20"
      onClick={[Function]}
    >
      <Connect(Component)
        tileId="20"
      />
    </styled.div>
    <styled.div
      className="tile"
      isSelected={false}
      key="21"
      onClick={[Function]}
    >
      <Connect(Component)
        tileId="21"
      />
    </styled.div>
    <styled.div
      className="tile"
      isSelected={false}
      key="22"
      onClick={[Function]}
    >
      <Connect(Component)
        tileId="22"
      />
    </styled.div>
    <styled.div
      className="tile"
      isSelected={false}
      key="23"
      onClick={[Function]}
    >
      <Connect(Component)
        tileId="23"
      />
    </styled.div>
    <styled.div
      className="tile"
      isSelected={false}
      key="24"
      onClick={[Function]}
    >
      <Connect(Component)
        tileId="24"
      />
    </styled.div>
    <styled.div
      className="tile"
      isSelected={false}
      key="25"
      onClick={[Function]}
    >
      <Connect(Component)
        tileId="25"
      />
    </styled.div>
  </styled.div>
</styled.div>
`;
