// Jest Snapshot v1, https://goo.gl/fbAQLP

exports[`The level preview Allows the user to make moves 1`] = `
Array [
  Object {
    "left": "129.594px",
    "top": "216px",
  },
  Object {
    "left": "172.797px",
    "top": "216px",
  },
  Object {
    "left": "216px",
    "top": "216px",
  },
  Object {
    "left": "259.188px",
    "top": "216px",
  },
  Object {
    "left": "259.188px",
    "top": "216px",
  },
]
`;

exports[`The level preview Allows the user to make moves 2`] = `
Array [
  Object {
    "left": "129.594px",
    "top": "216px",
  },
  Object {
    "left": "172.797px",
    "top": "216px",
  },
  Object {
    "left": "216px",
    "top": "216px",
  },
  Object {
    "left": "129.594px",
    "top": "216px",
  },
  Object {
    "left": "259.188px",
    "top": "216px",
  },
]
`;

exports[`The level preview Allows the user to make moves 3`] = `
Array [
  Object {
    "left": "129.594px",
    "top": "216px",
  },
  Object {
    "left": "172.797px",
    "top": "216px",
  },
  Object {
    "left": "216px",
    "top": "216px",
  },
  Object {
    "left": "259.188px",
    "top": "216px",
  },
  Object {
    "left": "259.188px",
    "top": "216px",
  },
]
`;

exports[`The level preview Allows the user to reset the game 1`] = `
Array [
  Object {
    "left": "129.594px",
    "top": "216px",
  },
  Object {
    "left": "172.797px",
    "top": "216px",
  },
  Object {
    "left": "216px",
    "top": "216px",
  },
  Object {
    "left": "129.594px",
    "top": "216px",
  },
  Object {
    "left": "259.188px",
    "top": "216px",
  },
]
`;

exports[`The level preview Allows the user to reset the game 2`] = `
Array [
  Object {
    "left": "129.594px",
    "top": "216px",
  },
  Object {
    "left": "172.797px",
    "top": "216px",
  },
  Object {
    "left": "216px",
    "top": "216px",
  },
  Object {
    "left": "259.188px",
    "top": "216px",
  },
  Object {
    "left": "259.188px",
    "top": "216px",
  },
]
`;
