// Jest Snapshot v1, https://goo.gl/fbAQLP

exports[`The level preview Allows the user to make moves 1`] = `
Array [
  Object {
    "left": "123.156px",
    "top": "184.75px",
  },
  Object {
    "left": "164.219px",
    "top": "184.75px",
  },
  Object {
    "left": "205.281px",
    "top": "184.75px",
  },
  Object {
    "left": "246.328px",
    "top": "184.75px",
  },
  Object {
    "left": "246.328px",
    "top": "184.75px",
  },
]
`;

exports[`The level preview Allows the user to make moves 2`] = `
Array [
  Object {
    "left": "123.156px",
    "top": "184.75px",
  },
  Object {
    "left": "164.219px",
    "top": "184.75px",
  },
  Object {
    "left": "205.281px",
    "top": "184.75px",
  },
  Object {
    "left": "123.156px",
    "top": "184.75px",
  },
  Object {
    "left": "246.328px",
    "top": "184.75px",
  },
]
`;

exports[`The level preview Allows the user to make moves 3`] = `
Array [
  Object {
    "left": "123.156px",
    "top": "184.75px",
  },
  Object {
    "left": "164.219px",
    "top": "184.75px",
  },
  Object {
    "left": "205.281px",
    "top": "184.75px",
  },
  Object {
    "left": "246.328px",
    "top": "184.75px",
  },
  Object {
    "left": "246.328px",
    "top": "184.75px",
  },
]
`;

exports[`The level preview Allows the user to reset the game 1`] = `
Array [
  Object {
    "left": "123.156px",
    "top": "184.75px",
  },
  Object {
    "left": "164.219px",
    "top": "184.75px",
  },
  Object {
    "left": "205.281px",
    "top": "184.75px",
  },
  Object {
    "left": "123.156px",
    "top": "184.75px",
  },
  Object {
    "left": "246.328px",
    "top": "184.75px",
  },
]
`;

exports[`The level preview Allows the user to reset the game 2`] = `
Array [
  Object {
    "left": "123.156px",
    "top": "184.75px",
  },
  Object {
    "left": "164.219px",
    "top": "184.75px",
  },
  Object {
    "left": "205.281px",
    "top": "184.75px",
  },
  Object {
    "left": "246.328px",
    "top": "184.75px",
  },
  Object {
    "left": "246.328px",
    "top": "184.75px",
  },
]
`;

exports[`The level preview Should display a "level complete" overlay when the level is complete 1`] = `
Array [
  Object {
    "left": "123.156px",
    "top": "184.75px",
  },
  Object {
    "left": "164.219px",
    "top": "184.75px",
  },
  Object {
    "left": "205.281px",
    "top": "184.75px",
  },
  Object {
    "left": "246.328px",
    "top": "184.75px",
  },
]
`;

exports[`The level preview Should display a "level complete" overlay when the level is complete 2`] = `
Array [
  Object {
    "left": "123.156px",
    "top": "184.75px",
  },
  Object {
    "left": "164.219px",
    "top": "184.75px",
  },
  Object {
    "left": "205.281px",
    "top": "184.75px",
  },
  Object {
    "left": "246.328px",
    "top": "184.75px",
  },
]
`;

exports[`The level preview Should display a "level complete" overlay when the level is complete 3`] = `
Array [
  Object {
    "left": "123.156px",
    "top": "184.75px",
  },
  Object {
    "left": "123.156px",
    "top": "184.75px",
  },
  Object {
    "left": "164.219px",
    "top": "184.75px",
  },
  Object {
    "left": "205.281px",
    "top": "184.75px",
  },
  Object {
    "left": "246.328px",
    "top": "184.75px",
  },
  Object {
    "left": "246.328px",
    "top": "184.75px",
  },
]
`;

exports[`The level preview Should display a "level complete" overlay when the level is complete 4`] = `
Array [
  Object {
    "left": "123.156px",
    "top": "184.75px",
  },
  Object {
    "left": "123.156px",
    "top": "184.75px",
  },
  Object {
    "left": "164.219px",
    "top": "184.75px",
  },
  Object {
    "left": "205.281px",
    "top": "184.75px",
  },
  Object {
    "left": "246.328px",
    "top": "184.75px",
  },
  Object {
    "left": "246.328px",
    "top": "184.75px",
  },
]
`;
