// Jest Snapshot v1, https://goo.gl/fbAQLP

exports[`The level preview Allows the user to make moves 1`] = `
Array [
  Object {
    "left": "132.656px",
    "top": "221.094px",
  },
  Object {
    "left": "176.875px",
    "top": "221.094px",
  },
  Object {
    "left": "221.094px",
    "top": "221.094px",
  },
  Object {
    "left": "265.312px",
    "top": "221.094px",
  },
  Object {
    "left": "265.312px",
    "top": "221.094px",
  },
]
`;

exports[`The level preview Allows the user to make moves 2`] = `
Array [
  Object {
    "left": "132.656px",
    "top": "221.094px",
  },
  Object {
    "left": "176.875px",
    "top": "221.094px",
  },
  Object {
    "left": "221.094px",
    "top": "221.094px",
  },
  Object {
    "left": "132.656px",
    "top": "221.094px",
  },
  Object {
    "left": "265.312px",
    "top": "221.094px",
  },
]
`;

exports[`The level preview Allows the user to make moves 3`] = `
Array [
  Object {
    "left": "132.656px",
    "top": "221.094px",
  },
  Object {
    "left": "176.875px",
    "top": "221.094px",
  },
  Object {
    "left": "221.094px",
    "top": "221.094px",
  },
  Object {
    "left": "265.312px",
    "top": "221.094px",
  },
  Object {
    "left": "265.312px",
    "top": "221.094px",
  },
]
`;

exports[`The level preview Allows the user to reset the game 1`] = `
Array [
  Object {
    "left": "132.656px",
    "top": "221.094px",
  },
  Object {
    "left": "176.875px",
    "top": "221.094px",
  },
  Object {
    "left": "221.094px",
    "top": "221.094px",
  },
  Object {
    "left": "132.656px",
    "top": "221.094px",
  },
  Object {
    "left": "265.312px",
    "top": "221.094px",
  },
]
`;

exports[`The level preview Allows the user to reset the game 2`] = `
Array [
  Object {
    "left": "132.656px",
    "top": "221.094px",
  },
  Object {
    "left": "176.875px",
    "top": "221.094px",
  },
  Object {
    "left": "221.094px",
    "top": "221.094px",
  },
  Object {
    "left": "265.312px",
    "top": "221.094px",
  },
  Object {
    "left": "265.312px",
    "top": "221.094px",
  },
]
`;
