// Jest Snapshot v1, https://goo.gl/fbAQLP

exports[`<SolutionSummary /> Matches the current snapshot 1`] = `
<styled.div>
  <styled.p>
    Quickest solution:
  </styled.p>
  <styled.ul>
    <styled.li
      key="0"
    >
      <ArrowIcon
        direction="MOVE_UP"
        fillColor="white"
        size="100%"
      />
    </styled.li>
    <styled.li
      key="1"
    >
      <ArrowIcon
        direction="MOVE_DOWN"
        fillColor="white"
        size="100%"
      />
    </styled.li>
    <styled.li
      key="2"
    >
      <ArrowIcon
        direction="MOVE_LEFT"
        fillColor="white"
        size="100%"
      />
    </styled.li>
    <styled.li
      key="3"
    >
      <ArrowIcon
        direction="MOVE_RIGHT"
        fillColor="white"
        size="100%"
      />
    </styled.li>
  </styled.ul>
</styled.div>
`;

exports[`<SolutionSummary /> Matches the current snapshot when the level is solved by default 1`] = `
<styled.div>
  <styled.p>
    Quickest solution:
  </styled.p>
  <styled.ul>
    <styled.li
      key="0"
    >
      <ArrowIcon
        direction="MOVE_UP"
        fillColor="white"
        size="100%"
      />
    </styled.li>
    <styled.li
      key="1"
    >
      <ArrowIcon
        direction="MOVE_DOWN"
        fillColor="white"
        size="100%"
      />
    </styled.li>
    <styled.li
      key="2"
    >
      <ArrowIcon
        direction="MOVE_LEFT"
        fillColor="white"
        size="100%"
      />
    </styled.li>
    <styled.li
      key="3"
    >
      <ArrowIcon
        direction="MOVE_RIGHT"
        fillColor="white"
        size="100%"
      />
    </styled.li>
  </styled.ul>
</styled.div>
`;
